// Jest Snapshot v1, https://goo.gl/fbAQLP

exports[`renders correctly 1`] = `
.emotion-0 {
  font: var(--echoes-typography-others-label);
  color: var(--echoes-color-text-default);
}

<div>
  <label
    class="emotion-0 emotion-1"
  >
    The label text
  </label>
</div>
`;
