// Jest Snapshot v1, https://jestjs.io/docs/snapshot-testing

exports[`AsideLeft should render correctly when small 1`] = `
.emotion-0 {
  grid-area: aside;
  overflow-y: auto;
}

<div
  class="emotion-0 emotion-1"
>
  content
</div>
`;
