// Jest Snapshot v1, https://jestjs.io/docs/snapshot-testing

exports[`should render with an icon 1`] = `
.emotion-0 {
  all: unset;
  display: -webkit-box;
  display: -webkit-flex;
  display: -ms-flexbox;
  display: flex;
  -webkit-align-items: center;
  -webkit-box-align: center;
  -ms-flex-align: center;
  align-items: center;
  gap: var(--echoes-dimension-space-100);
  -webkit-flex: 1 1 auto;
  -ms-flex: 1 1 auto;
  flex: 1 1 auto;
  overflow: hidden;
  box-sizing: border-box;
  height: var(--echoes-dimension-height-800);
  padding: var(--echoes-dimension-space-100);
  border-radius: var(--echoes-border-radius-400);
  background-color: var(--echoes-color-surface-default);
  color: var(--echoes-color-text-default);
  font: var(--echoes-typography-text-default-regular);
  cursor: pointer;
}

.emotion-0:hover {
  background-color: var(--echoes-color-surface-hover);
}

.emotion-0:focus-visible {
  outline: var(--echoes-color-focus-default) solid var(--echoes-focus-border-width-default);
  outline-offset: var(--echoes-focus-border-offset-default);
  border-radius: var(--echoes-border-radius-400);
}

.emotion-0:active {
  background-color: var(--echoes-color-surface-active);
}

.emotion-2 {
  -moz-osx-font-smoothing: grayscale;
  -webkit-font-smoothing: antialiased;
  display: inline-block;
  font-size: calc(1em + 4px);
  font-style: normal;
  font-weight: normal;
  height: calc(2em - 16px);
  line-height: calc(2em - 16px);
  text-align: center;
  vertical-align: bottom;
  width: calc(2em - 16px);
  font-family: 'Echoes';
}

.emotion-4 {
  -webkit-flex: 1 1 auto;
  -ms-flex: 1 1 auto;
  flex: 1 1 auto;
  overflow: hidden;
  text-overflow: ellipsis;
  white-space: nowrap;
}

.emotion-6 {
  -moz-osx-font-smoothing: grayscale;
  -webkit-font-smoothing: antialiased;
  display: inline-block;
  font-size: calc(1em + 4px);
  font-style: normal;
  font-weight: normal;
  height: calc(2em - 16px);
  line-height: calc(2em - 16px);
  text-align: center;
  vertical-align: bottom;
  width: calc(2em - 16px);
  font-family: 'Material Symbols Rounded';
}

.emotion-8 {
  display: -webkit-box;
  display: -webkit-flex;
  display: -ms-flexbox;
  display: flex;
  -webkit-flex-direction: column;
  -ms-flex-direction: column;
  flex-direction: column;
  gap: var(--echoes-dimension-space-50);
  --sidebar-navigation-accordion-children-display: flex;
}

[data-sidebar-collapsed='false'] .emotion-8 {
  margin-left: var(--echoes-dimension-space-300);
  padding-left: var(--echoes-dimension-space-100);
  padding-right: var(--echoes-dimension-space-200);
  border-left: var(--echoes-border-width-default) solid var(--echoes-color-border-weak);
}

.emotion-8[data-accordion-open='false'],
[data-sidebar-collapsed='true'] .emotion-8 {
  --sidebar-navigation-accordion-children-display: none;
}

.emotion-10 {
  all: unset;
  display: -webkit-box;
  display: -webkit-flex;
  display: -ms-flexbox;
  display: flex;
  -webkit-align-items: center;
  -webkit-box-align: center;
  -ms-flex-align: center;
  align-items: center;
  gap: var(--echoes-dimension-space-100);
  -webkit-flex: 1 1 auto;
  -ms-flex: 1 1 auto;
  flex: 1 1 auto;
  overflow: hidden;
  box-sizing: border-box;
  height: var(--echoes-dimension-height-800);
  padding: var(--echoes-dimension-space-100);
  border-radius: var(--echoes-border-radius-400);
  background-color: var(--echoes-color-surface-default);
  color: var(--echoes-color-text-default);
  font: var(--echoes-typography-text-default-regular);
  cursor: pointer;
  display: var(--sidebar-navigation-accordion-children-display, flex);
}

.emotion-10:hover {
  background-color: var(--echoes-color-surface-hover);
}

.emotion-10:focus-visible {
  outline: var(--echoes-color-focus-default) solid var(--echoes-focus-border-width-default);
  outline-offset: var(--echoes-focus-border-offset-default);
  border-radius: var(--echoes-border-radius-400);
}

.emotion-10:active,
.emotion-10.active {
  display: -webkit-box;
  display: -webkit-flex;
  display: -ms-flexbox;
  display: flex;
  background-color: var(--echoes-color-background-selected-weak-default);
  color: var(--echoes-color-text-accent);
  font: var(--echoes-typography-text-default-semi-bold);
}

.emotion-10:active:hover,
.emotion-10.active:hover {
  background-color: var(--echoes-color-background-selected-weak-hover);
}

<div>
  <button
    aria-controls=":r1:sidebar-accordion-panel"
    aria-expanded="false"
    class="emotion-0 emotion-1"
    id=":r1:sidebar-accordion"
  >
    <span
      aria-hidden="true"
      class="emotion-2 emotion-3"
      css="[object Object]"
    >
      !
    </span>
    <span
      class="emotion-4 emotion-5"
    >
      Accordion Item
    </span>
    <span
      aria-hidden="true"
      class="emotion-6 emotion-7"
      css="[object Object]"
    >
      î—Œ
    </span>
  </button>
  <section
    aria-labelledby=":r1:sidebar-accordion"
    class="emotion-8 emotion-9"
    data-accordion-open="false"
    id=":r1:sidebar-accordion-panel"
  >
    <a
      class="active emotion-10 emotion-11"
      href="/sub-item-1"
    >
      <span
        class="emotion-4 emotion-5"
      >
        Sub Item 1
      </span>
    </a>
    <a
      class="emotion-10 emotion-11"
      href="/sub-item-2"
    >
      <span
        class="emotion-4 emotion-5"
      >
        Sub Item 2
      </span>
    </a>
  </section>
  <pre>
    /initial
  </pre>
  <section
    aria-atomic="false"
    aria-label="Focus toasts messages with alt+T"
    aria-live="polite"
    aria-relevant="additions text"
    tabindex="-1"
  />
</div>
`;
