// Jest Snapshot v1, https://jestjs.io/docs/snapshot-testing

exports[`should render with an icon 1`] = `
.emotion-0 {
  all: unset;
  display: -webkit-box;
  display: -webkit-flex;
  display: -ms-flexbox;
  display: flex;
  -webkit-align-items: center;
  -webkit-box-align: center;
  -ms-flex-align: center;
  align-items: center;
  gap: var(--echoes-dimension-space-100);
  -webkit-box-flex: 1;
  -webkit-flex-grow: 1;
  -ms-flex-positive: 1;
  flex-grow: 1;
  -webkit-flex-shrink: 0;
  -ms-flex-negative: 0;
  flex-shrink: 0;
  box-sizing: border-box;
  height: var(--echoes-dimension-height-800);
  padding: var(--echoes-dimension-space-100);
  border-radius: var(--echoes-border-radius-400);
  color: var(--echoes-color-text-default);
  font: var(--echoes-typography-text-default-regular);
  cursor: pointer;
}

.emotion-0:hover {
  background-color: var(--echoes-color-background-selected-weak-default);
}

.emotion-0:focus-visible {
  outline: var(--echoes-color-focus-default) solid var(--echoes-focus-border-width-default);
  outline-offset: var(--echoes-focus-border-offset-default);
  border-radius: var(--echoes-border-radius-400);
}

.emotion-0:active,
.emotion-0.active {
  background-color: var(--echoes-color-surface-hover);
  color: var(--echoes-color-text-accent);
  font: var(--echoes-typography-text-default-semi-bold);
}

.emotion-0:active:hover,
.emotion-0.active:hover {
  background-color: var(--echoes-color-background-selected-weak-hover);
}

.emotion-2 {
  -moz-osx-font-smoothing: grayscale;
  -webkit-font-smoothing: antialiased;
  display: inline-block;
  font-size: calc(1em + 4px);
  font-style: normal;
  font-weight: normal;
  height: calc(2em - 16px);
  line-height: calc(2em - 16px);
  text-align: center;
  vertical-align: bottom;
  width: calc(2em - 16px);
  font-family: 'Echoes';
}

.emotion-4 {
  overflow: hidden;
  text-overflow: ellipsis;
  white-space: nowrap;
}

<a
  class="emotion-0 emotion-1"
  href="/second"
>
  <span
    aria-hidden="true"
    class="emotion-2 emotion-3"
    css="[object Object]"
  >
    !
  </span>
  <span
    class="emotion-4 emotion-5"
  >
    Test Item
  </span>
</a>
`;
